Copyright 1986-2014 Xilinx, Inc. All Rights Reserved.
-----------------------------------------------------------------------------------
| Tool Version : Vivado v.2014.2 (win64) Build 932637 Wed Jun 11 13:33:10 MDT 2014
| Date         : Tue Apr 11 23:50:51 2017
| Host         : admin-PC running 64-bit Service Pack 1  (build 7601)
| Command      : report_clock_utilization -file tb_clock_utilization_placed.rpt
| Design       : tb
| Device       : xc7a35t
-----------------------------------------------------------------------------------

Clock Utilization Report

Table of Contents
-----------------
1. Clock Primitive Utilization
2. Details of Global Clocks
3. Details of Regional Clocks
4. Details of Multi-Regional Clocks
5. Details of I/O Clocks
6. Details of Local Clocks
7. Clock Regions : Key Resource Utilization
8. Net wise resources used in clock region X0Y0

1. Clock Primitive Utilization
------------------------------

+-------+------+-----------+-----------+
| Type  | Used | Available | Num Fixed |
+-------+------+-----------+-----------+
| BUFG  |   12 |        32 |         0 |
| BUFH  |    0 |        72 |         0 |
| BUFIO |    0 |        20 |         0 |
| MMCM  |    0 |         5 |         0 |
| PLL   |    0 |         5 |         0 |
| BUFR  |    0 |        20 |         0 |
| BUFMR |    0 |        10 |         0 |
+-------+------+-----------+-----------+


2. Details of Global Clocks
---------------------------

+-------+--------------------+---------------+--------------+-------+---------------+-----------+
|       |                    |               |   Num Loads  |       |               |           |
+-------+--------------------+---------------+------+-------+-------+---------------+-----------+
| Index | BUFG Cell          | Net Name      | BELs | Sites | Fixed | MaxDelay (ns) | Skew (ns) |
+-------+--------------------+---------------+------+-------+-------+---------------+-----------+
|     1 | n_10_226_BUFG_inst | n_10_226_BUFG |   32 |    21 |    no |         1.751 |     0.185 |
|     2 | n_12_229_BUFG_inst | n_12_229_BUFG |   32 |    17 |    no |         1.791 |     0.216 |
|     3 | n_14_228_BUFG_inst | n_14_228_BUFG |   32 |    26 |    no |         1.785 |     0.217 |
|     4 | n_16_230_BUFG_inst | n_16_230_BUFG |   32 |    17 |    no |         1.788 |     0.217 |
|     5 | n_18_225_BUFG_inst | n_18_225_BUFG |   32 |    19 |    no |         1.748 |     0.180 |
|     6 | n_20_233_BUFG_inst | n_20_233_BUFG |   32 |    18 |    no |         1.792 |     0.221 |
|     7 | n_8_227_BUFG_inst  | n_8_227_BUFG  |   32 |    22 |    no |         1.791 |     0.216 |
|     8 | n_6_464_BUFG_inst  | n_6_464_BUFG  |   39 |    13 |    no |         1.793 |     0.215 |
|     9 | rx_d2_reg_i_1      | rx_clk        |   51 |    17 |    no |         1.791 |     0.181 |
|    10 | n_0_465_BUFG_inst  | n_0_465_BUFG  |   64 |    19 |    no |         1.725 |     0.157 |
|    11 | n_2_508_BUFG_inst  | n_2_508_BUFG  |   64 |    37 |    no |         1.715 |     0.152 |
|    12 | n_4_466_BUFG_inst  | n_4_466_BUFG  |   64 |    23 |    no |         1.789 |     0.223 |
+-------+--------------------+---------------+------+-------+-------+---------------+-----------+


3. Details of Regional Clocks
-----------------------------

4. Details of Multi-Regional Clocks
-----------------------------------

5. Details of I/O Clocks
------------------------

6. Details of Local Clocks
--------------------------

+-------+---------------------------------------+-------------------------------------------+--------------+-------+---------------+-----------+
|       |                                       |                                           |   Num Loads  |       |               |           |
+-------+---------------------------------------+-------------------------------------------+------+-------+-------+---------------+-----------+
| Index | Local Clk Src                         | Net Name                                  | BELs | Sites | Fixed | MaxDelay (ns) | Skew (ns) |
+-------+---------------------------------------+-------------------------------------------+------+-------+-------+---------------+-----------+
|     1 | cpu_inst/Actor/DT_subclass_reg_i_2    | cpu_inst/Actor/O100                       |    1 |     1 |    no |         0.636 |     0.054 |
|     2 | cpu_inst/myFSM/is_write_sig_reg_i_2   | cpu_inst/myFSM/O15                        |    1 |     1 |    no |         1.167 |     0.110 |
|     3 | cpu_inst/Actor/DP_subclass_reg[1]_i_2 | cpu_inst/Actor/O123[0]                    |    2 |     1 |    no |         0.744 |     0.054 |
|     4 | cpu_inst/Actor/instr_class_reg[1]_i_2 | cpu_inst/Actor/O32[0]                     |    2 |     2 |    no |         0.794 |     0.219 |
|     5 | cpu_inst/myFSM/DR_reg[1]_i_2          | cpu_inst/myFSM/O20[0]                     |    2 |     1 |    no |         0.644 |     0.049 |
|     6 | cpu_inst/Actor/operation_reg[3]_i_2   | cpu_inst/Actor/E[0]                       |    4 |     1 |    no |         1.022 |     0.098 |
|     7 | cpu_inst/myFSM/g0_b0__0               | cpu_inst/myFSM/I44[0]                     |    4 |     3 |    no |         1.034 |     0.272 |
|     8 | cpu_inst/myFSM/g0_b0__1               | cpu_inst/myFSM/I46[0]                     |    4 |     3 |    no |         2.258 |     0.573 |
|     9 | cpu_inst/myFSM/flags_sig_reg[3]_i_2   | cpu_inst/myFSM/O12[0]                     |    4 |     3 |    no |         0.919 |     0.291 |
|    10 | cpu_inst/myFSM/Flags_reg[3]_i_2       | cpu_inst/myFSM/O17[0]                     |    4 |     2 |    no |         0.644 |     0.230 |
|    11 | mem_if/bram_0_i_1                     | mem_if/clkb                               |    8 |     6 |    no |         0.903 |     0.489 |
|    12 | cpu_inst/myFSM/WEA_MEM_reg[3]_i_2     | cpu_inst/myFSM/O16[0]                     |   16 |     7 |    no |         1.037 |     0.460 |
|    13 | mem_if/tx_clk_reg                     | mem_if/tx_clk                             |   30 |     9 |    no |         0.945 |     0.609 |
|    14 | cpu_inst/Actor/RF/rf_reg[0][31]_i_1   | cpu_inst/Actor/RF/n_22_rf_reg[0][31]_i_1  |   32 |    24 |    no |         1.708 |     1.160 |
|    15 | cpu_inst/Actor/RF/rf_reg[14][31]_i_1  | cpu_inst/Actor/RF/n_22_rf_reg[14][31]_i_1 |   32 |    19 |    no |         1.858 |     1.161 |
|    16 | cpu_inst/Actor/RF/rf_reg[15][31]_i_1  | cpu_inst/Actor/RF/n_22_rf_reg[15][31]_i_1 |   32 |    17 |    no |         1.875 |     1.278 |
|    17 | cpu_inst/Actor/RF/rf_reg[1][31]_i_1   | cpu_inst/Actor/RF/n_22_rf_reg[1][31]_i_1  |   32 |    18 |    no |         1.698 |     0.999 |
|    18 | cpu_inst/Actor/RF/rf_reg[2][31]_i_1   | cpu_inst/Actor/RF/n_22_rf_reg[2][31]_i_1  |   32 |    17 |    no |         1.895 |     1.300 |
|    19 | cpu_inst/Actor/RF/rf_reg[3][31]_i_1   | cpu_inst/Actor/RF/n_22_rf_reg[3][31]_i_1  |   32 |    19 |    no |         1.824 |     1.275 |
|    20 | cpu_inst/Actor/RF/rf_reg[4][31]_i_1   | cpu_inst/Actor/RF/n_22_rf_reg[4][31]_i_1  |   32 |    17 |    no |         1.931 |     1.151 |
|    21 | cpu_inst/Actor/RF/rf_reg[6][31]_i_1   | cpu_inst/Actor/RF/n_22_rf_reg[6][31]_i_1  |   32 |    22 |    no |         1.678 |     0.959 |
|    22 | cpu_inst/Actor/RF/rf_reg[7][31]_i_1   | cpu_inst/Actor/RF/n_22_rf_reg[7][31]_i_1  |   32 |    18 |    no |         1.686 |     1.005 |
|    23 | cpu_inst/myFSM/g0_b0                  | cpu_inst/myFSM/I37[0]                     |   32 |    14 |    no |         1.476 |     0.708 |
|    24 | cpu_inst/myFSM/A_reg[31]_i_2          | cpu_inst/myFSM/O13[0]                     |   32 |    13 |    no |         1.945 |     0.854 |
|    25 | cpu_inst/myFSM/Res_reg[31]_i_2        | cpu_inst/myFSM/O14[0]                     |   32 |    10 |    no |         2.133 |     0.897 |
|    26 | cpu_inst/myFSM/DIN_MEM_reg[31]_i_2    | cpu_inst/myFSM/O18[0]                     |   32 |     9 |    no |         1.440 |     0.594 |
|    27 | cpu_inst/myFSM/D_reg[31]_i_2          | cpu_inst/myFSM/O19[0]                     |   32 |    13 |    no |         1.211 |     0.804 |
|    28 | cpu_inst/myFSM/PC_reg[31]_i_1         | cpu_inst/myFSM/O21[0]                     |   32 |    15 |    no |         1.396 |     0.855 |
|    29 | cpu_inst/myFSM/data_sig_reg[31]_i_2   | cpu_inst/myFSM/O24[0]                     |   32 |    15 |    no |         1.169 |     0.619 |
|    30 | cpu_inst/myFSM/O_reg[31]_i_2          | cpu_inst/myFSM/O27[0]                     |   32 |    13 |    no |         1.380 |     0.616 |
|    31 | IBUF                                  | xlnx_opt_                                 |   74 |    34 |   yes |         2.894 |     1.088 |
+-------+---------------------------------------+-------------------------------------------+------+-------+-------+---------------+-----------+


7. Clock Regions : Key Resource Utilization
-------------------------------------------

+-------------------+--------------+--------------+--------------+--------------+--------------+--------------+--------------+--------------+--------------+--------------+--------------+--------------+--------------+--------------+--------------+
|                   | Global Clock |     BUFRs    |    BUFMRs    |    BUFIOs    |     MMCM     |      PLL     |      GT      |      PCI     |    ILOGIC    |    OLOGIC    |      FF      |     LUTM     |    RAMB18    |    RAMB36    |    DSP48E1   |
+-------------------+------+-------+------+-------+------+-------+------+-------+------+-------+------+-------+------+-------+------+-------+------+-------+------+-------+------+-------+------+-------+------+-------+------+-------+------+-------+
| Clock Region Name | Used | Avail | Used | Avail | Used | Avail | Used | Avail | Used | Avail | Used | Avail | Used | Avail | Used | Avail | Used | Avail | Used | Avail | Used | Avail | Used | Avail | Used | Avail | Used | Avail | Used | Avail |
+-------------------+------+-------+------+-------+------+-------+------+-------+------+-------+------+-------+------+-------+------+-------+------+-------+------+-------+------+-------+------+-------+------+-------+------+-------+------+-------+
| X0Y0              |    1 |    12 |    0 |     4 |    0 |     2 |    0 |     4 |    0 |     1 |    0 |     1 |    0 |     0 |    0 |     0 |    0 |    50 |    0 |    50 | 1185 |  9600 |    0 |  1600 |    0 |    20 |    4 |    10 |    3 |    20 |
| X1Y0              |    0 |    12 |    0 |     4 |    0 |     2 |    0 |     4 |    0 |     1 |    0 |     1 |    0 |     0 |    0 |     0 |    0 |    50 |    0 |    50 |    8 | 12000 |    0 |  1800 |    0 |    40 |    0 |    20 |    0 |    20 |
| X0Y1              |    0 |    12 |    0 |     4 |    0 |     2 |    0 |     4 |    0 |     1 |    0 |     1 |    0 |     0 |    0 |     0 |    0 |    50 |    0 |    50 |    3 |  9600 |    0 |  1600 |    0 |    20 |    0 |    10 |    0 |    20 |
| X1Y1              |    0 |    12 |    0 |     4 |    0 |     2 |    0 |     4 |    0 |     1 |    0 |     1 |    0 |     0 |    0 |     0 |    0 |    50 |    0 |    50 |    0 | 12000 |    0 |  1800 |    0 |    40 |    0 |    20 |    0 |    20 |
| X0Y2              |    0 |    12 |    0 |     4 |    0 |     2 |    0 |     4 |    0 |     1 |    0 |     1 |    0 |     0 |    0 |     0 |    0 |    50 |    0 |    50 |    0 | 14400 |    0 |  1600 |    0 |    20 |    0 |    10 |    0 |    20 |
| X1Y2              |    0 |    12 |    0 |     0 |    0 |     0 |    0 |     0 |    0 |     0 |    0 |     0 |    0 |     5 |    0 |     1 |    0 |     0 |    0 |     0 |    0 |  7600 |    0 |  1200 |    0 |    10 |    0 |     5 |    0 |    20 |
+-------------------+------+-------+------+-------+------+-------+------+-------+------+-------+------+-------+------+-------+------+-------+------+-------+------+-------+------+-------+------+-------+------+-------+------+-------+------+-------+
* RAMB36 site can be used as two RAMB18/FIFO18 sites


8. Net wise resources used in clock region X0Y0
-----------------------------------------------

+-------------+-------------+-------+-----------+----------+---------+-----------+---------+---------+-----+-------+----------+----------------+
| Source Type | BUFHCE Site | Fixed | MMCM Pins | PLL Pins | GT Pins | BRAM Pins | ILOGICs | OLOGICs | FFs | LUTMs | DSP48E1s | Clock Net Name |
+-------------+-------------+-------+-----------+----------+---------+-----------+---------+---------+-----+-------+----------+----------------+
| BUFG        |     ---     |   no  |         0 |        0 |       0 |         0 |       0 |       0 |  51 |     0 |        0 | rx_clk         |
+-------------+-------------+-------+-----------+----------+---------+-----------+---------+---------+-----+-------+----------+----------------+



# Location of BUFG Primitives 
set_property LOC BUFGCTRL_X0Y0 [get_cells n_0_465_BUFG_inst]
set_property LOC BUFGCTRL_X0Y5 [get_cells n_10_226_BUFG_inst]
set_property LOC BUFGCTRL_X0Y6 [get_cells n_12_229_BUFG_inst]
set_property LOC BUFGCTRL_X0Y7 [get_cells n_14_228_BUFG_inst]
set_property LOC BUFGCTRL_X0Y8 [get_cells n_16_230_BUFG_inst]
set_property LOC BUFGCTRL_X0Y9 [get_cells n_18_225_BUFG_inst]
set_property LOC BUFGCTRL_X0Y10 [get_cells n_20_233_BUFG_inst]
set_property LOC BUFGCTRL_X0Y1 [get_cells n_2_508_BUFG_inst]
set_property LOC BUFGCTRL_X0Y2 [get_cells n_4_466_BUFG_inst]
set_property LOC BUFGCTRL_X0Y4 [get_cells n_6_464_BUFG_inst]
set_property LOC BUFGCTRL_X0Y11 [get_cells n_8_227_BUFG_inst]
set_property LOC BUFGCTRL_X0Y3 [get_cells rx_d2_reg_i_1]

# Location of IO Clock Primitives

# Location of MMCM Clock Primitives

# Location of BUFH Clock Primitives

# Location of BUFR Clock Primitives

# Location of BUFMR Clock Primitives

# Location of PLL Clock Primitives

# Location of IO Primitives which is load of clock spine

# Location of clock ports

# Clock net "cpu_inst/Actor/E[0]" driven by instance "cpu_inst/Actor/operation_reg[3]_i_2" located at site "SLICE_X30Y22"
#startgroup
create_pblock CLKAG_cpu_inst/Actor/E[0]
add_cells_to_pblock [get_pblocks  CLKAG_cpu_inst/Actor/E[0]] [get_cells  -filter { IS_PRIMITIVE==1 && PRIMITIVE_LEVEL !=INTERNAL } -of_object [get_pins -filter {DIRECTION==IN} -of_objects [get_nets -hierarchical -filter {PARENT=="cpu_inst/Actor/E[0]"}]]]
resize_pblock [get_pblocks CLKAG_cpu_inst/Actor/E[0]] -add {CLOCKREGION_X0Y0:CLOCKREGION_X0Y0}
#endgroup

# Clock net "cpu_inst/Actor/O100" driven by instance "cpu_inst/Actor/DT_subclass_reg_i_2" located at site "SLICE_X30Y21"
#startgroup
create_pblock CLKAG_cpu_inst/Actor/O100
add_cells_to_pblock [get_pblocks  CLKAG_cpu_inst/Actor/O100] [get_cells  -filter { IS_PRIMITIVE==1 && PRIMITIVE_LEVEL !=INTERNAL } -of_object [get_pins -filter {DIRECTION==IN} -of_objects [get_nets -hierarchical -filter {PARENT=="cpu_inst/Actor/O100"}]]]
resize_pblock [get_pblocks CLKAG_cpu_inst/Actor/O100] -add {CLOCKREGION_X0Y0:CLOCKREGION_X0Y0}
#endgroup

# Clock net "cpu_inst/Actor/O123[0]" driven by instance "cpu_inst/Actor/DP_subclass_reg[1]_i_2" located at site "SLICE_X30Y22"
#startgroup
create_pblock CLKAG_cpu_inst/Actor/O123[0]
add_cells_to_pblock [get_pblocks  CLKAG_cpu_inst/Actor/O123[0]] [get_cells  -filter { IS_PRIMITIVE==1 && PRIMITIVE_LEVEL !=INTERNAL } -of_object [get_pins -filter {DIRECTION==IN} -of_objects [get_nets -hierarchical -filter {PARENT=="cpu_inst/Actor/O123[0]"}]]]
resize_pblock [get_pblocks CLKAG_cpu_inst/Actor/O123[0]] -add {CLOCKREGION_X0Y0:CLOCKREGION_X0Y0}
#endgroup

# Clock net "cpu_inst/Actor/O32[0]" driven by instance "cpu_inst/Actor/instr_class_reg[1]_i_2" located at site "SLICE_X31Y22"
#startgroup
create_pblock CLKAG_cpu_inst/Actor/O32[0]
add_cells_to_pblock [get_pblocks  CLKAG_cpu_inst/Actor/O32[0]] [get_cells  -filter { IS_PRIMITIVE==1 && PRIMITIVE_LEVEL !=INTERNAL } -of_object [get_pins -filter {DIRECTION==IN} -of_objects [get_nets -hierarchical -filter {PARENT=="cpu_inst/Actor/O32[0]"}]]]
resize_pblock [get_pblocks CLKAG_cpu_inst/Actor/O32[0]] -add {CLOCKREGION_X0Y0:CLOCKREGION_X0Y0}
#endgroup

# Clock net "cpu_inst/Actor/RF/n_22_rf_reg[0][31]_i_1" driven by instance "cpu_inst/Actor/RF/rf_reg[0][31]_i_1" located at site "SLICE_X28Y37"
#startgroup
create_pblock CLKAG_cpu_inst/Actor/RF/n_22_rf_reg[0][31]_i_1
add_cells_to_pblock [get_pblocks  CLKAG_cpu_inst/Actor/RF/n_22_rf_reg[0][31]_i_1] [get_cells  -filter { IS_PRIMITIVE==1 && PRIMITIVE_LEVEL !=INTERNAL } -of_object [get_pins -filter {DIRECTION==IN} -of_objects [get_nets -hierarchical -filter {PARENT=="cpu_inst/Actor/RF/n_22_rf_reg[0][31]_i_1"}]]]
resize_pblock [get_pblocks CLKAG_cpu_inst/Actor/RF/n_22_rf_reg[0][31]_i_1] -add {CLOCKREGION_X0Y0:CLOCKREGION_X0Y0}
#endgroup

# Clock net "cpu_inst/Actor/RF/n_22_rf_reg[14][31]_i_1" driven by instance "cpu_inst/Actor/RF/rf_reg[14][31]_i_1" located at site "SLICE_X28Y37"
#startgroup
create_pblock CLKAG_cpu_inst/Actor/RF/n_22_rf_reg[14][31]_i_1
add_cells_to_pblock [get_pblocks  CLKAG_cpu_inst/Actor/RF/n_22_rf_reg[14][31]_i_1] [get_cells  -filter { IS_PRIMITIVE==1 && PRIMITIVE_LEVEL !=INTERNAL } -of_object [get_pins -filter {DIRECTION==IN} -of_objects [get_nets -hierarchical -filter {PARENT=="cpu_inst/Actor/RF/n_22_rf_reg[14][31]_i_1"}]]]
resize_pblock [get_pblocks CLKAG_cpu_inst/Actor/RF/n_22_rf_reg[14][31]_i_1] -add {CLOCKREGION_X0Y0:CLOCKREGION_X0Y0}
#endgroup

# Clock net "cpu_inst/Actor/RF/n_22_rf_reg[15][31]_i_1" driven by instance "cpu_inst/Actor/RF/rf_reg[15][31]_i_1" located at site "SLICE_X28Y37"
#startgroup
create_pblock CLKAG_cpu_inst/Actor/RF/n_22_rf_reg[15][31]_i_1
add_cells_to_pblock [get_pblocks  CLKAG_cpu_inst/Actor/RF/n_22_rf_reg[15][31]_i_1] [get_cells  -filter { IS_PRIMITIVE==1 && PRIMITIVE_LEVEL !=INTERNAL } -of_object [get_pins -filter {DIRECTION==IN} -of_objects [get_nets -hierarchical -filter {PARENT=="cpu_inst/Actor/RF/n_22_rf_reg[15][31]_i_1"}]]]
resize_pblock [get_pblocks CLKAG_cpu_inst/Actor/RF/n_22_rf_reg[15][31]_i_1] -add {CLOCKREGION_X0Y0:CLOCKREGION_X0Y0}
#endgroup

# Clock net "cpu_inst/Actor/RF/n_22_rf_reg[1][31]_i_1" driven by instance "cpu_inst/Actor/RF/rf_reg[1][31]_i_1" located at site "SLICE_X29Y32"
#startgroup
create_pblock CLKAG_cpu_inst/Actor/RF/n_22_rf_reg[1][31]_i_1
add_cells_to_pblock [get_pblocks  CLKAG_cpu_inst/Actor/RF/n_22_rf_reg[1][31]_i_1] [get_cells  -filter { IS_PRIMITIVE==1 && PRIMITIVE_LEVEL !=INTERNAL } -of_object [get_pins -filter {DIRECTION==IN} -of_objects [get_nets -hierarchical -filter {PARENT=="cpu_inst/Actor/RF/n_22_rf_reg[1][31]_i_1"}]]]
resize_pblock [get_pblocks CLKAG_cpu_inst/Actor/RF/n_22_rf_reg[1][31]_i_1] -add {CLOCKREGION_X0Y0:CLOCKREGION_X0Y0}
#endgroup

# Clock net "cpu_inst/Actor/RF/n_22_rf_reg[2][31]_i_1" driven by instance "cpu_inst/Actor/RF/rf_reg[2][31]_i_1" located at site "SLICE_X28Y36"
#startgroup
create_pblock CLKAG_cpu_inst/Actor/RF/n_22_rf_reg[2][31]_i_1
add_cells_to_pblock [get_pblocks  CLKAG_cpu_inst/Actor/RF/n_22_rf_reg[2][31]_i_1] [get_cells  -filter { IS_PRIMITIVE==1 && PRIMITIVE_LEVEL !=INTERNAL } -of_object [get_pins -filter {DIRECTION==IN} -of_objects [get_nets -hierarchical -filter {PARENT=="cpu_inst/Actor/RF/n_22_rf_reg[2][31]_i_1"}]]]
resize_pblock [get_pblocks CLKAG_cpu_inst/Actor/RF/n_22_rf_reg[2][31]_i_1] -add {CLOCKREGION_X0Y0:CLOCKREGION_X0Y0}
#endgroup

# Clock net "cpu_inst/Actor/RF/n_22_rf_reg[3][31]_i_1" driven by instance "cpu_inst/Actor/RF/rf_reg[3][31]_i_1" located at site "SLICE_X28Y36"
#startgroup
create_pblock CLKAG_cpu_inst/Actor/RF/n_22_rf_reg[3][31]_i_1
add_cells_to_pblock [get_pblocks  CLKAG_cpu_inst/Actor/RF/n_22_rf_reg[3][31]_i_1] [get_cells  -filter { IS_PRIMITIVE==1 && PRIMITIVE_LEVEL !=INTERNAL } -of_object [get_pins -filter {DIRECTION==IN} -of_objects [get_nets -hierarchical -filter {PARENT=="cpu_inst/Actor/RF/n_22_rf_reg[3][31]_i_1"}]]]
resize_pblock [get_pblocks CLKAG_cpu_inst/Actor/RF/n_22_rf_reg[3][31]_i_1] -add {CLOCKREGION_X0Y0:CLOCKREGION_X0Y0}
#endgroup

# Clock net "cpu_inst/Actor/RF/n_22_rf_reg[4][31]_i_1" driven by instance "cpu_inst/Actor/RF/rf_reg[4][31]_i_1" located at site "SLICE_X28Y36"
#startgroup
create_pblock CLKAG_cpu_inst/Actor/RF/n_22_rf_reg[4][31]_i_1
add_cells_to_pblock [get_pblocks  CLKAG_cpu_inst/Actor/RF/n_22_rf_reg[4][31]_i_1] [get_cells  -filter { IS_PRIMITIVE==1 && PRIMITIVE_LEVEL !=INTERNAL } -of_object [get_pins -filter {DIRECTION==IN} -of_objects [get_nets -hierarchical -filter {PARENT=="cpu_inst/Actor/RF/n_22_rf_reg[4][31]_i_1"}]]]
resize_pblock [get_pblocks CLKAG_cpu_inst/Actor/RF/n_22_rf_reg[4][31]_i_1] -add {CLOCKREGION_X0Y0:CLOCKREGION_X0Y0}
#endgroup

# Clock net "cpu_inst/Actor/RF/n_22_rf_reg[6][31]_i_1" driven by instance "cpu_inst/Actor/RF/rf_reg[6][31]_i_1" located at site "SLICE_X28Y36"
#startgroup
create_pblock CLKAG_cpu_inst/Actor/RF/n_22_rf_reg[6][31]_i_1
add_cells_to_pblock [get_pblocks  CLKAG_cpu_inst/Actor/RF/n_22_rf_reg[6][31]_i_1] [get_cells  -filter { IS_PRIMITIVE==1 && PRIMITIVE_LEVEL !=INTERNAL } -of_object [get_pins -filter {DIRECTION==IN} -of_objects [get_nets -hierarchical -filter {PARENT=="cpu_inst/Actor/RF/n_22_rf_reg[6][31]_i_1"}]]]
resize_pblock [get_pblocks CLKAG_cpu_inst/Actor/RF/n_22_rf_reg[6][31]_i_1] -add {CLOCKREGION_X0Y0:CLOCKREGION_X0Y0}
#endgroup

# Clock net "cpu_inst/Actor/RF/n_22_rf_reg[7][31]_i_1" driven by instance "cpu_inst/Actor/RF/rf_reg[7][31]_i_1" located at site "SLICE_X28Y37"
#startgroup
create_pblock CLKAG_cpu_inst/Actor/RF/n_22_rf_reg[7][31]_i_1
add_cells_to_pblock [get_pblocks  CLKAG_cpu_inst/Actor/RF/n_22_rf_reg[7][31]_i_1] [get_cells  -filter { IS_PRIMITIVE==1 && PRIMITIVE_LEVEL !=INTERNAL } -of_object [get_pins -filter {DIRECTION==IN} -of_objects [get_nets -hierarchical -filter {PARENT=="cpu_inst/Actor/RF/n_22_rf_reg[7][31]_i_1"}]]]
resize_pblock [get_pblocks CLKAG_cpu_inst/Actor/RF/n_22_rf_reg[7][31]_i_1] -add {CLOCKREGION_X0Y0:CLOCKREGION_X0Y0}
#endgroup

# Clock net "cpu_inst/myFSM/I37[0]" driven by instance "cpu_inst/myFSM/g0_b0" located at site "SLICE_X14Y29"
#startgroup
create_pblock CLKAG_cpu_inst/myFSM/I37[0]
add_cells_to_pblock [get_pblocks  CLKAG_cpu_inst/myFSM/I37[0]] [get_cells  -filter { IS_PRIMITIVE==1 && PRIMITIVE_LEVEL !=INTERNAL } -of_object [get_pins -filter {DIRECTION==IN} -of_objects [get_nets -hierarchical -filter {PARENT=="cpu_inst/myFSM/I37[0]"}]]]
resize_pblock [get_pblocks CLKAG_cpu_inst/myFSM/I37[0]] -add {CLOCKREGION_X0Y0:CLOCKREGION_X0Y0}
#endgroup

# Clock net "cpu_inst/myFSM/I44[0]" driven by instance "cpu_inst/myFSM/g0_b0__0" located at site "SLICE_X3Y20"
#startgroup
create_pblock CLKAG_cpu_inst/myFSM/I44[0]
add_cells_to_pblock [get_pblocks  CLKAG_cpu_inst/myFSM/I44[0]] [get_cells  -filter { IS_PRIMITIVE==1 && PRIMITIVE_LEVEL !=INTERNAL } -of_object [get_pins -filter {DIRECTION==IN} -of_objects [get_nets -hierarchical -filter {PARENT=="cpu_inst/myFSM/I44[0]"}]]]
resize_pblock [get_pblocks CLKAG_cpu_inst/myFSM/I44[0]] -add {CLOCKREGION_X0Y0:CLOCKREGION_X0Y0}
#endgroup

# Clock net "cpu_inst/myFSM/I46[0]" driven by instance "cpu_inst/myFSM/g0_b0__1" located at site "SLICE_X36Y44"
#startgroup
create_pblock CLKAG_cpu_inst/myFSM/I46[0]
add_cells_to_pblock [get_pblocks  CLKAG_cpu_inst/myFSM/I46[0]] [get_cells  -filter { IS_PRIMITIVE==1 && PRIMITIVE_LEVEL !=INTERNAL } -of_object [get_pins -filter {DIRECTION==IN} -of_objects [get_nets -hierarchical -filter {PARENT=="cpu_inst/myFSM/I46[0]"}]]]
resize_pblock [get_pblocks CLKAG_cpu_inst/myFSM/I46[0]] -add {CLOCKREGION_X0Y0:CLOCKREGION_X0Y0}
#endgroup

# Clock net "cpu_inst/myFSM/O12[0]" driven by instance "cpu_inst/myFSM/flags_sig_reg[3]_i_2" located at site "SLICE_X14Y25"
#startgroup
create_pblock CLKAG_cpu_inst/myFSM/O12[0]
add_cells_to_pblock [get_pblocks  CLKAG_cpu_inst/myFSM/O12[0]] [get_cells  -filter { IS_PRIMITIVE==1 && PRIMITIVE_LEVEL !=INTERNAL } -of_object [get_pins -filter {DIRECTION==IN} -of_objects [get_nets -hierarchical -filter {PARENT=="cpu_inst/myFSM/O12[0]"}]]]
resize_pblock [get_pblocks CLKAG_cpu_inst/myFSM/O12[0]] -add {CLOCKREGION_X0Y0:CLOCKREGION_X0Y0}
#endgroup

# Clock net "cpu_inst/myFSM/O13[0]" driven by instance "cpu_inst/myFSM/A_reg[31]_i_2" located at site "SLICE_X36Y44"
#startgroup
create_pblock CLKAG_cpu_inst/myFSM/O13[0]
add_cells_to_pblock [get_pblocks  CLKAG_cpu_inst/myFSM/O13[0]] [get_cells  -filter { IS_PRIMITIVE==1 && PRIMITIVE_LEVEL !=INTERNAL } -of_object [get_pins -filter {DIRECTION==IN} -of_objects [get_nets -hierarchical -filter {PARENT=="cpu_inst/myFSM/O13[0]"}]]]
resize_pblock [get_pblocks CLKAG_cpu_inst/myFSM/O13[0]] -add {CLOCKREGION_X0Y0:CLOCKREGION_X0Y0}
#endgroup

# Clock net "cpu_inst/myFSM/O14[0]" driven by instance "cpu_inst/myFSM/Res_reg[31]_i_2" located at site "SLICE_X36Y44"
#startgroup
create_pblock CLKAG_cpu_inst/myFSM/O14[0]
add_cells_to_pblock [get_pblocks  CLKAG_cpu_inst/myFSM/O14[0]] [get_cells  -filter { IS_PRIMITIVE==1 && PRIMITIVE_LEVEL !=INTERNAL } -of_object [get_pins -filter {DIRECTION==IN} -of_objects [get_nets -hierarchical -filter {PARENT=="cpu_inst/myFSM/O14[0]"}]]]
resize_pblock [get_pblocks CLKAG_cpu_inst/myFSM/O14[0]] -add {CLOCKREGION_X0Y0:CLOCKREGION_X0Y0}
#endgroup

# Clock net "cpu_inst/myFSM/O15" driven by instance "cpu_inst/myFSM/is_write_sig_reg_i_2" located at site "SLICE_X12Y22"
#startgroup
create_pblock CLKAG_cpu_inst/myFSM/O15
add_cells_to_pblock [get_pblocks  CLKAG_cpu_inst/myFSM/O15] [get_cells  -filter { IS_PRIMITIVE==1 && PRIMITIVE_LEVEL !=INTERNAL } -of_object [get_pins -filter {DIRECTION==IN} -of_objects [get_nets -hierarchical -filter {PARENT=="cpu_inst/myFSM/O15"}]]]
resize_pblock [get_pblocks CLKAG_cpu_inst/myFSM/O15] -add {CLOCKREGION_X0Y0:CLOCKREGION_X0Y0}
#endgroup

# Clock net "cpu_inst/myFSM/O16[0]" driven by instance "cpu_inst/myFSM/WEA_MEM_reg[3]_i_2" located at site "SLICE_X12Y22"
#startgroup
create_pblock CLKAG_cpu_inst/myFSM/O16[0]
add_cells_to_pblock [get_pblocks  CLKAG_cpu_inst/myFSM/O16[0]] [get_cells  -filter { IS_PRIMITIVE==1 && PRIMITIVE_LEVEL !=INTERNAL } -of_object [get_pins -filter {DIRECTION==IN} -of_objects [get_nets -hierarchical -filter {PARENT=="cpu_inst/myFSM/O16[0]"}]]]
resize_pblock [get_pblocks CLKAG_cpu_inst/myFSM/O16[0]] -add {CLOCKREGION_X0Y0:CLOCKREGION_X0Y0}
#endgroup

# Clock net "cpu_inst/myFSM/O17[0]" driven by instance "cpu_inst/myFSM/Flags_reg[3]_i_2" located at site "SLICE_X13Y24"
#startgroup
create_pblock CLKAG_cpu_inst/myFSM/O17[0]
add_cells_to_pblock [get_pblocks  CLKAG_cpu_inst/myFSM/O17[0]] [get_cells  -filter { IS_PRIMITIVE==1 && PRIMITIVE_LEVEL !=INTERNAL } -of_object [get_pins -filter {DIRECTION==IN} -of_objects [get_nets -hierarchical -filter {PARENT=="cpu_inst/myFSM/O17[0]"}]]]
resize_pblock [get_pblocks CLKAG_cpu_inst/myFSM/O17[0]] -add {CLOCKREGION_X0Y0:CLOCKREGION_X0Y0}
#endgroup

# Clock net "cpu_inst/myFSM/O18[0]" driven by instance "cpu_inst/myFSM/DIN_MEM_reg[31]_i_2" located at site "SLICE_X7Y21"
#startgroup
create_pblock CLKAG_cpu_inst/myFSM/O18[0]
add_cells_to_pblock [get_pblocks  CLKAG_cpu_inst/myFSM/O18[0]] [get_cells  -filter { IS_PRIMITIVE==1 && PRIMITIVE_LEVEL !=INTERNAL } -of_object [get_pins -filter {DIRECTION==IN} -of_objects [get_nets -hierarchical -filter {PARENT=="cpu_inst/myFSM/O18[0]"}]]]
resize_pblock [get_pblocks CLKAG_cpu_inst/myFSM/O18[0]] -add {CLOCKREGION_X0Y0:CLOCKREGION_X0Y0}
#endgroup

# Clock net "cpu_inst/myFSM/O19[0]" driven by instance "cpu_inst/myFSM/D_reg[31]_i_2" located at site "SLICE_X14Y29"
#startgroup
create_pblock CLKAG_cpu_inst/myFSM/O19[0]
add_cells_to_pblock [get_pblocks  CLKAG_cpu_inst/myFSM/O19[0]] [get_cells  -filter { IS_PRIMITIVE==1 && PRIMITIVE_LEVEL !=INTERNAL } -of_object [get_pins -filter {DIRECTION==IN} -of_objects [get_nets -hierarchical -filter {PARENT=="cpu_inst/myFSM/O19[0]"}]]]
resize_pblock [get_pblocks CLKAG_cpu_inst/myFSM/O19[0]] -add {CLOCKREGION_X0Y0:CLOCKREGION_X0Y0}
#endgroup

# Clock net "cpu_inst/myFSM/O20[0]" driven by instance "cpu_inst/myFSM/DR_reg[1]_i_2" located at site "SLICE_X9Y26"
#startgroup
create_pblock CLKAG_cpu_inst/myFSM/O20[0]
add_cells_to_pblock [get_pblocks  CLKAG_cpu_inst/myFSM/O20[0]] [get_cells  -filter { IS_PRIMITIVE==1 && PRIMITIVE_LEVEL !=INTERNAL } -of_object [get_pins -filter {DIRECTION==IN} -of_objects [get_nets -hierarchical -filter {PARENT=="cpu_inst/myFSM/O20[0]"}]]]
resize_pblock [get_pblocks CLKAG_cpu_inst/myFSM/O20[0]] -add {CLOCKREGION_X0Y0:CLOCKREGION_X0Y0}
#endgroup

# Clock net "cpu_inst/myFSM/O21[0]" driven by instance "cpu_inst/myFSM/PC_reg[31]_i_1" located at site "SLICE_X3Y20"
#startgroup
create_pblock CLKAG_cpu_inst/myFSM/O21[0]
add_cells_to_pblock [get_pblocks  CLKAG_cpu_inst/myFSM/O21[0]] [get_cells  -filter { IS_PRIMITIVE==1 && PRIMITIVE_LEVEL !=INTERNAL } -of_object [get_pins -filter {DIRECTION==IN} -of_objects [get_nets -hierarchical -filter {PARENT=="cpu_inst/myFSM/O21[0]"}]]]
resize_pblock [get_pblocks CLKAG_cpu_inst/myFSM/O21[0]] -add {CLOCKREGION_X0Y0:CLOCKREGION_X0Y0}
#endgroup

# Clock net "cpu_inst/myFSM/O24[0]" driven by instance "cpu_inst/myFSM/data_sig_reg[31]_i_2" located at site "SLICE_X11Y23"
#startgroup
create_pblock CLKAG_cpu_inst/myFSM/O24[0]
add_cells_to_pblock [get_pblocks  CLKAG_cpu_inst/myFSM/O24[0]] [get_cells  -filter { IS_PRIMITIVE==1 && PRIMITIVE_LEVEL !=INTERNAL } -of_object [get_pins -filter {DIRECTION==IN} -of_objects [get_nets -hierarchical -filter {PARENT=="cpu_inst/myFSM/O24[0]"}]]]
resize_pblock [get_pblocks CLKAG_cpu_inst/myFSM/O24[0]] -add {CLOCKREGION_X0Y0:CLOCKREGION_X0Y0}
#endgroup

# Clock net "cpu_inst/myFSM/O27[0]" driven by instance "cpu_inst/myFSM/O_reg[31]_i_2" located at site "SLICE_X9Y26"
#startgroup
create_pblock CLKAG_cpu_inst/myFSM/O27[0]
add_cells_to_pblock [get_pblocks  CLKAG_cpu_inst/myFSM/O27[0]] [get_cells  -filter { IS_PRIMITIVE==1 && PRIMITIVE_LEVEL !=INTERNAL } -of_object [get_pins -filter {DIRECTION==IN} -of_objects [get_nets -hierarchical -filter {PARENT=="cpu_inst/myFSM/O27[0]"}]]]
resize_pblock [get_pblocks CLKAG_cpu_inst/myFSM/O27[0]] -add {CLOCKREGION_X0Y0:CLOCKREGION_X0Y0}
#endgroup

# Clock net "mem_if/clkb" driven by instance "mem_if/bram_0_i_1" located at site "SLICE_X9Y18"
#startgroup
create_pblock CLKAG_mem_if/clkb
add_cells_to_pblock [get_pblocks  CLKAG_mem_if/clkb] [get_cells  -filter { IS_PRIMITIVE==1 && PRIMITIVE_LEVEL !=INTERNAL } -of_object [get_pins -filter {DIRECTION==IN} -of_objects [get_nets -hierarchical -filter {PARENT=="mem_if/clkb"}]]]
resize_pblock [get_pblocks CLKAG_mem_if/clkb] -add {CLOCKREGION_X0Y0:CLOCKREGION_X0Y0}
#endgroup

# Clock net "mem_if/tx_clk" driven by instance "mem_if/tx_clk_reg" located at site "SLICE_X12Y17"
#startgroup
create_pblock CLKAG_mem_if/tx_clk
add_cells_to_pblock [get_pblocks  CLKAG_mem_if/tx_clk] [get_cells  -filter { IS_PRIMITIVE==1 && PRIMITIVE_LEVEL !=INTERNAL } -of_object [get_pins -filter {DIRECTION==IN} -of_objects [get_nets -hierarchical -filter {PARENT=="mem_if/tx_clk"}]]]
resize_pblock [get_pblocks CLKAG_mem_if/tx_clk] -add {CLOCKREGION_X0Y0:CLOCKREGION_X0Y0}
#endgroup

# Clock net "n_0_465_BUFG" driven by instance "n_0_465_BUFG_inst" located at site "BUFGCTRL_X0Y0"
#startgroup
create_pblock CLKAG_n_0_465_BUFG
add_cells_to_pblock [get_pblocks  CLKAG_n_0_465_BUFG] [get_cells  -filter { IS_PRIMITIVE==1 && PRIMITIVE_LEVEL !=INTERNAL } -of_object [get_pins -filter {DIRECTION==IN} -of_objects [get_nets -hierarchical -filter {PARENT=="n_0_465_BUFG"}]]]
resize_pblock [get_pblocks CLKAG_n_0_465_BUFG] -add {CLOCKREGION_X0Y0:CLOCKREGION_X0Y0}
#endgroup

# Clock net "n_10_226_BUFG" driven by instance "n_10_226_BUFG_inst" located at site "BUFGCTRL_X0Y5"
#startgroup
create_pblock CLKAG_n_10_226_BUFG
add_cells_to_pblock [get_pblocks  CLKAG_n_10_226_BUFG] [get_cells  -filter { IS_PRIMITIVE==1 && PRIMITIVE_LEVEL !=INTERNAL } -of_object [get_pins -filter {DIRECTION==IN} -of_objects [get_nets -hierarchical -filter {PARENT=="n_10_226_BUFG"}]]]
resize_pblock [get_pblocks CLKAG_n_10_226_BUFG] -add {CLOCKREGION_X0Y0:CLOCKREGION_X0Y0}
#endgroup

# Clock net "n_12_229_BUFG" driven by instance "n_12_229_BUFG_inst" located at site "BUFGCTRL_X0Y6"
#startgroup
create_pblock CLKAG_n_12_229_BUFG
add_cells_to_pblock [get_pblocks  CLKAG_n_12_229_BUFG] [get_cells  -filter { IS_PRIMITIVE==1 && PRIMITIVE_LEVEL !=INTERNAL } -of_object [get_pins -filter {DIRECTION==IN} -of_objects [get_nets -hierarchical -filter {PARENT=="n_12_229_BUFG"}]]]
resize_pblock [get_pblocks CLKAG_n_12_229_BUFG] -add {CLOCKREGION_X0Y0:CLOCKREGION_X0Y0}
#endgroup

# Clock net "n_14_228_BUFG" driven by instance "n_14_228_BUFG_inst" located at site "BUFGCTRL_X0Y7"
#startgroup
create_pblock CLKAG_n_14_228_BUFG
add_cells_to_pblock [get_pblocks  CLKAG_n_14_228_BUFG] [get_cells  -filter { IS_PRIMITIVE==1 && PRIMITIVE_LEVEL !=INTERNAL } -of_object [get_pins -filter {DIRECTION==IN} -of_objects [get_nets -hierarchical -filter {PARENT=="n_14_228_BUFG"}]]]
resize_pblock [get_pblocks CLKAG_n_14_228_BUFG] -add {CLOCKREGION_X0Y0:CLOCKREGION_X0Y0 CLOCKREGION_X0Y1:CLOCKREGION_X0Y1}
#endgroup

# Clock net "n_16_230_BUFG" driven by instance "n_16_230_BUFG_inst" located at site "BUFGCTRL_X0Y8"
#startgroup
create_pblock CLKAG_n_16_230_BUFG
add_cells_to_pblock [get_pblocks  CLKAG_n_16_230_BUFG] [get_cells  -filter { IS_PRIMITIVE==1 && PRIMITIVE_LEVEL !=INTERNAL } -of_object [get_pins -filter {DIRECTION==IN} -of_objects [get_nets -hierarchical -filter {PARENT=="n_16_230_BUFG"}]]]
resize_pblock [get_pblocks CLKAG_n_16_230_BUFG] -add {CLOCKREGION_X0Y0:CLOCKREGION_X0Y0 CLOCKREGION_X0Y1:CLOCKREGION_X0Y1}
#endgroup

# Clock net "n_18_225_BUFG" driven by instance "n_18_225_BUFG_inst" located at site "BUFGCTRL_X0Y9"
#startgroup
create_pblock CLKAG_n_18_225_BUFG
add_cells_to_pblock [get_pblocks  CLKAG_n_18_225_BUFG] [get_cells  -filter { IS_PRIMITIVE==1 && PRIMITIVE_LEVEL !=INTERNAL } -of_object [get_pins -filter {DIRECTION==IN} -of_objects [get_nets -hierarchical -filter {PARENT=="n_18_225_BUFG"}]]]
resize_pblock [get_pblocks CLKAG_n_18_225_BUFG] -add {CLOCKREGION_X0Y0:CLOCKREGION_X0Y0}
#endgroup

# Clock net "n_20_233_BUFG" driven by instance "n_20_233_BUFG_inst" located at site "BUFGCTRL_X0Y10"
#startgroup
create_pblock CLKAG_n_20_233_BUFG
add_cells_to_pblock [get_pblocks  CLKAG_n_20_233_BUFG] [get_cells  -filter { IS_PRIMITIVE==1 && PRIMITIVE_LEVEL !=INTERNAL } -of_object [get_pins -filter {DIRECTION==IN} -of_objects [get_nets -hierarchical -filter {PARENT=="n_20_233_BUFG"}]]]
resize_pblock [get_pblocks CLKAG_n_20_233_BUFG] -add {CLOCKREGION_X0Y0:CLOCKREGION_X0Y0 CLOCKREGION_X0Y1:CLOCKREGION_X0Y1}
#endgroup

# Clock net "n_2_508_BUFG" driven by instance "n_2_508_BUFG_inst" located at site "BUFGCTRL_X0Y1"
#startgroup
create_pblock CLKAG_n_2_508_BUFG
add_cells_to_pblock [get_pblocks  CLKAG_n_2_508_BUFG] [get_cells  -filter { IS_PRIMITIVE==1 && PRIMITIVE_LEVEL !=INTERNAL } -of_object [get_pins -filter {DIRECTION==IN} -of_objects [get_nets -hierarchical -filter {PARENT=="n_2_508_BUFG"}]]]
resize_pblock [get_pblocks CLKAG_n_2_508_BUFG] -add {CLOCKREGION_X0Y0:CLOCKREGION_X0Y0}
#endgroup

# Clock net "n_4_466_BUFG" driven by instance "n_4_466_BUFG_inst" located at site "BUFGCTRL_X0Y2"
#startgroup
create_pblock CLKAG_n_4_466_BUFG
add_cells_to_pblock [get_pblocks  CLKAG_n_4_466_BUFG] [get_cells  -filter { IS_PRIMITIVE==1 && PRIMITIVE_LEVEL !=INTERNAL } -of_object [get_pins -filter {DIRECTION==IN} -of_objects [get_nets -hierarchical -filter {PARENT=="n_4_466_BUFG"}]]]
resize_pblock [get_pblocks CLKAG_n_4_466_BUFG] -add {CLOCKREGION_X0Y0:CLOCKREGION_X0Y0}
#endgroup

# Clock net "n_6_464_BUFG" driven by instance "n_6_464_BUFG_inst" located at site "BUFGCTRL_X0Y4"
#startgroup
create_pblock CLKAG_n_6_464_BUFG
add_cells_to_pblock [get_pblocks  CLKAG_n_6_464_BUFG] [get_cells  -filter { IS_PRIMITIVE==1 && PRIMITIVE_LEVEL !=INTERNAL } -of_object [get_pins -filter {DIRECTION==IN} -of_objects [get_nets -hierarchical -filter {PARENT=="n_6_464_BUFG"}]]]
resize_pblock [get_pblocks CLKAG_n_6_464_BUFG] -add {CLOCKREGION_X0Y0:CLOCKREGION_X0Y0}
#endgroup

# Clock net "n_8_227_BUFG" driven by instance "n_8_227_BUFG_inst" located at site "BUFGCTRL_X0Y11"
#startgroup
create_pblock CLKAG_n_8_227_BUFG
add_cells_to_pblock [get_pblocks  CLKAG_n_8_227_BUFG] [get_cells  -filter { IS_PRIMITIVE==1 && PRIMITIVE_LEVEL !=INTERNAL } -of_object [get_pins -filter {DIRECTION==IN} -of_objects [get_nets -hierarchical -filter {PARENT=="n_8_227_BUFG"}]]]
resize_pblock [get_pblocks CLKAG_n_8_227_BUFG] -add {CLOCKREGION_X0Y0:CLOCKREGION_X0Y0}
#endgroup

# Clock net "rx_clk" driven by instance "rx_d2_reg_i_1" located at site "BUFGCTRL_X0Y3"
#startgroup
create_pblock CLKAG_rx_clk
add_cells_to_pblock [get_pblocks  CLKAG_rx_clk] [get_cells  -filter { IS_PRIMITIVE==1 && PRIMITIVE_LEVEL !=INTERNAL } -of_object [get_pins -filter {DIRECTION==IN} -of_objects [get_nets -hierarchical -filter {PARENT=="rx_clk"}]]]
resize_pblock [get_pblocks CLKAG_rx_clk] -add {CLOCKREGION_X0Y0:CLOCKREGION_X0Y0}
#endgroup

# Clock net "xlnx_opt_" driven by instance "IBUF" located at site "IOB_X1Y26"
#startgroup
create_pblock CLKAG_xlnx_opt_
add_cells_to_pblock [get_pblocks  CLKAG_xlnx_opt_] [get_cells  -filter { IS_PRIMITIVE==1 && PRIMITIVE_LEVEL !=INTERNAL } -of_object [get_pins -filter {DIRECTION==IN} -of_objects [get_nets -hierarchical -filter {PARENT=="xlnx_opt_"}]]]
resize_pblock [get_pblocks CLKAG_xlnx_opt_] -add {CLOCKREGION_X0Y0:CLOCKREGION_X0Y0 CLOCKREGION_X1Y0:CLOCKREGION_X1Y0}
#endgroup
